[2026-01-28T11:17:57.229Z] [INFO] 🚀 Polymarket Bot 启动
[2026-01-28T11:17:57.232Z] [INFO] 目标: $100
[2026-01-28T11:17:57.232Z] [INFO] 查询余额...
[2026-01-28T11:17:58.889Z] [INFO] EOA: 0x78171f6c11c9EBA2cb541B837FE8299885921889
[2026-01-28T11:17:58.889Z] [INFO] Proxy: 0x1bE8276128D4879D43EEb6Dfc36B9f27E91eBA37
[2026-01-28T11:17:58.889Z] [INFO] Cash: $8.81 | MATIC: 0.0000
[2026-01-28T11:17:58.889Z] [INFO] 分析市场情绪...
[2026-01-28T11:18:00.084Z] [INFO] 热点: Minnesota, confrontations, mirror, simulation, civil
[2026-01-28T11:18:00.084Z] [INFO] 开始抓取新闻...
[2026-01-28T11:18:01.956Z] [INFO] 共抓取 30 条新闻
[2026-01-28T11:18:01.956Z] [INFO] 情绪评分: -4 (30 条新闻)
[2026-01-28T11:18:01.956Z] [INFO] 扫描市场机会...
[2026-01-28T11:18:01.956Z] [INFO] 开始扫描市场...
[2026-01-28T11:18:03.737Z] [SUCCESS] 找到最佳标的: The Masters - Winner  | {"price":0.0105,"score":654.4932727846003}
[2026-01-28T11:18:03.737Z] [INFO] 锁定: The Masters - Winner 
[2026-01-28T11:18:03.737Z] [INFO] 价格: $0.0105 | 方向: Yes
[2026-01-28T11:18:03.737Z] [SUCCESS] 扫描完成
[2026-01-29T02:19:36.334Z] [INFO] 🚀 Polymarket Bot 启动
[2026-01-29T02:19:36.336Z] [INFO] 目标: $100
[2026-01-29T02:19:36.336Z] [INFO] 查询余额...
[2026-01-29T02:19:37.627Z] [INFO] EOA: 0x78171f6c11c9EBA2cb541B837FE8299885921889
[2026-01-29T02:19:37.628Z] [INFO] Proxy: 0x1bE8276128D4879D43EEb6Dfc36B9f27E91eBA37
[2026-01-29T02:19:37.628Z] [INFO] Cash: $8.81 | MATIC: 0.0000
[2026-01-29T02:19:37.628Z] [INFO] 分析市场情绪...
[2026-01-29T02:19:38.561Z] [INFO] 热点: raids, Georgia, election, office, voter
[2026-01-29T02:19:38.561Z] [INFO] 开始抓取新闻...
[2026-01-29T02:19:39.548Z] [INFO] 共抓取 30 条新闻
[2026-01-29T02:19:39.548Z] [INFO] 情绪评分: -3 (30 条新闻)
[2026-01-29T02:19:39.549Z] [INFO] 扫描市场机会...
[2026-01-29T02:19:39.549Z] [INFO] 开始扫描市场...
[2026-01-29T02:19:42.843Z] [SUCCESS] 找到最佳标的: The Masters - Winner  | {"price":0.0105,"score":654.8941293405318}
[2026-01-29T02:19:42.843Z] [INFO] 锁定: The Masters - Winner 
[2026-01-29T02:19:42.843Z] [INFO] 价格: $0.0105 | 方向: Yes
[2026-01-29T02:19:42.843Z] [SUCCESS] 扫描完成
[2026-01-29T02:20:24.118Z] [INFO] Testing CLOB Client connection...
[2026-01-29T02:20:24.134Z] [INFO] Calling getOk()...
[2026-01-29T02:20:24.527Z] [INFO] Status: "OK"
[2026-01-29T02:20:24.527Z] [ERROR] CLOB Connection Failed
[2026-01-29T02:20:24.527Z] [INFO] Verifying API Keys...
[2026-01-29T02:20:25.050Z] [INFO] API Keys Validated
[2026-01-29T02:22:53.532Z] [INFO] 🚀 Polymarket Bot (Trend Follow) 启动
[2026-01-29T02:22:53.534Z] [INFO] 目标: $100
[2026-01-29T02:22:54.383Z] [INFO] Cash: $8.81 | MATIC: 0.0000
[2026-01-29T02:22:54.384Z] [INFO] 🔍 启动趋势跟踪策略扫描...
[2026-01-29T02:22:54.714Z] [INFO] BTC: $88617.75 | RSI: 20.94 | Trend: BEARISH
[2026-01-29T02:22:54.715Z] [INFO] ETH: $2993.51 | RSI: 29.62 | Trend: BEARISH
[2026-01-29T02:22:54.715Z] [INFO] ✅ 确认市场主趋势: BEARISH
[2026-01-29T02:22:55.506Z] [INFO] 未找到符合当前趋势的合适 Polymarket 标的
[2026-01-29T02:22:55.506Z] [INFO] 😴 暂时空仓，等待下一个周期
[2026-01-29T02:26:23.606Z] [INFO] 循环模式启动，间隔 15 分钟
[2026-01-29T02:26:23.608Z] [INFO] 🚀 Polymarket Bot (Trend Follow) 启动
[2026-01-29T02:26:23.608Z] [INFO] 目标: $100
[2026-01-29T02:26:24.433Z] [INFO] Cash: $8.81 | MATIC: 0.0000
[2026-01-29T02:26:24.434Z] [INFO] 🔍 启动多元化策略扫描...
[2026-01-29T02:26:24.659Z] [INFO] 📈 技术面: BTC[BEARISH] ETH[BEARISH] -> 综合[BEARISH]
[2026-01-29T02:26:24.660Z] [INFO] 开始抓取新闻...
[2026-01-29T02:26:25.616Z] [INFO] 共抓取 30 条新闻
[2026-01-29T02:26:25.617Z] [INFO] 📰 消息面: 评分 -3 (基于 30 条新闻)
[2026-01-29T02:26:26.760Z] [INFO] 🔥 热点话题: raids, Georgia, election, office, voter
[2026-01-29T02:26:26.760Z] [INFO] 🎯 扫描关键词: Bitcoin, Ethereum, Price, raids, Georgia, election
[2026-01-29T02:26:30.563Z] [INFO] 📉 未找到高分交易机会，继续观望...
[2026-01-29T02:26:30.563Z] [INFO] 😴 暂时空仓，等待下一个周期
